<?xml version="1.0" encoding="UTF-8"?>
<TestRun id="ee911ee5-5371-42e3-bc82-1a68a9b0551e" name="Administrator@2011-20120510TM 2013-05-16 10:24:36" runUser="2011-20120510TM\Administrator" xmlns="http://microsoft.com/schemas/VisualStudio/TeamTest/2010">
  <TestSettings name="Local" id="d17bc973-cebe-4dbe-a3ad-3b1dd3e37d79">
    <Description>These are default test settings for a local test run.</Description>
    <Deployment enabled="false" runDeploymentRoot="Administrator_2011-20120510TM 2013-05-16 10_24_36">
      <DeploymentItem filename="D:\uglifycs_808ccbe561db\UglifyCS\packages\ShouldFluent.1.1.12.0\lib\Should.Fluent.dll" />
      <DeploymentItem filename="D:\uglifycs_808ccbe561db\UglifyCS\bin\Debug\UglifyCS.dll" />
    </Deployment>
    <Execution>
      <TestTypeSpecific />
      <AgentRule name="Execution Agents">
      </AgentRule>
    </Execution>
  </TestSettings>
  <Times creation="2013-05-16T10:24:36.0147937+08:00" queuing="2013-05-16T10:24:37.4208741+08:00" start="2013-05-16T10:24:37.5998844+08:00" finish="2013-05-16T10:25:19.2962693+08:00" />
  <ResultSummary outcome="Error">
    <Counters total="12" executed="3" passed="2" error="0" failed="0" timeout="0" aborted="1" inconclusive="0" passedButRunAborted="0" notRunnable="0" notExecuted="9" disconnected="0" warning="0" completed="0" inProgress="0" pending="0" />
    <RunInfos>
      <RunInfo computerName="2011-20120510TM" outcome="Error" timestamp="2013-05-16T10:25:19.2952692+08:00">
        <Text>测试宿主进程意外退出。</Text>
      </RunInfo>
    </RunInfos>
  </ResultSummary>
  <TestDefinitions>
    <UnitTest name="TestJSHintOK" storage="d:\uglifycs_808ccbe561db\uglifycs.tests\bin\debug\uglifycs.tests.dll" id="ce6ca57e-f78f-bfe3-ac29-dc67a2568453">
      <Execution id="36ccf069-bef2-47fd-bd8d-90058c90bd66" />
      <TestMethod codeBase="D:/uglifycs_808ccbe561db/UglifyCS.Tests/bin/Debug/UglifyCS.Tests.DLL" adapterTypeName="Microsoft.VisualStudio.TestTools.TestTypes.Unit.UnitTestAdapter, Microsoft.VisualStudio.QualityTools.Tips.UnitTest.Adapter, Version=10.0.0.0, Culture=neutral, PublicKeyToken=b03f5f7f11d50a3a" className="UglifyCS.Tests.UnitTest1, UglifyCS.Tests, Version=1.0.0.0, Culture=neutral, PublicKeyToken=null" name="TestJSHintOK" />
    </UnitTest>
    <UnitTest name="TestJSHintOptions" storage="d:\uglifycs_808ccbe561db\uglifycs.tests\bin\debug\uglifycs.tests.dll" id="d796ff9f-4be3-479a-5194-47469bf03d5a">
      <Execution id="507da7f1-56ec-41a1-a365-e21a302fa197" />
      <TestMethod codeBase="D:/uglifycs_808ccbe561db/UglifyCS.Tests/bin/Debug/UglifyCS.Tests.DLL" adapterTypeName="Microsoft.VisualStudio.TestTools.TestTypes.Unit.UnitTestAdapter, Microsoft.VisualStudio.QualityTools.Tips.UnitTest.Adapter, Version=10.0.0.0, Culture=neutral, PublicKeyToken=b03f5f7f11d50a3a" className="UglifyCS.Tests.UnitTest1, UglifyCS.Tests, Version=1.0.0.0, Culture=neutral, PublicKeyToken=null" name="TestJSHintOptions" />
    </UnitTest>
    <UnitTest name="MinifyBadCode" storage="d:\uglifycs_808ccbe561db\uglifycs.tests\bin\debug\uglifycs.tests.dll" id="6d4537f0-152f-eecf-e0ac-45c599bda766">
      <Execution id="b5b5f666-8b8c-489f-a033-39b194ad45c9" />
      <TestMethod codeBase="D:/uglifycs_808ccbe561db/UglifyCS.Tests/bin/Debug/UglifyCS.Tests.DLL" adapterTypeName="Microsoft.VisualStudio.TestTools.TestTypes.Unit.UnitTestAdapter, Microsoft.VisualStudio.QualityTools.Tips.UnitTest.Adapter, Version=10.0.0.0, Culture=neutral, PublicKeyToken=b03f5f7f11d50a3a" className="UglifyCS.Tests.UnitTest1, UglifyCS.Tests, Version=1.0.0.0, Culture=neutral, PublicKeyToken=null" name="MinifyBadCode" />
    </UnitTest>
    <UnitTest name="CanRunMultipleTimes_JSHINT" storage="d:\uglifycs_808ccbe561db\uglifycs.tests\bin\debug\uglifycs.tests.dll" id="dfc5d263-368e-9096-0133-7e8a5eac0f27">
      <Execution id="3b8569c1-b104-496e-959c-c10d8e74bf3c" />
      <TestMethod codeBase="D:/uglifycs_808ccbe561db/UglifyCS.Tests/bin/Debug/UglifyCS.Tests.DLL" adapterTypeName="Microsoft.VisualStudio.TestTools.TestTypes.Unit.UnitTestAdapter, Microsoft.VisualStudio.QualityTools.Tips.UnitTest.Adapter, Version=10.0.0.0, Culture=neutral, PublicKeyToken=b03f5f7f11d50a3a" className="UglifyCS.Tests.UnitTest1, UglifyCS.Tests, Version=1.0.0.0, Culture=neutral, PublicKeyToken=null" name="CanRunMultipleTimes_JSHINT" />
    </UnitTest>
    <UnitTest name="CanMinifyJQuery" storage="d:\uglifycs_808ccbe561db\uglifycs.tests\bin\debug\uglifycs.tests.dll" id="6dbab27c-c34e-867d-1ee0-aa259074b410">
      <Execution id="a1209b2b-5687-435b-b49f-b0c1bcd7da5e" />
      <TestMethod codeBase="D:/uglifycs_808ccbe561db/UglifyCS.Tests/bin/Debug/UglifyCS.Tests.DLL" adapterTypeName="Microsoft.VisualStudio.TestTools.TestTypes.Unit.UnitTestAdapter, Microsoft.VisualStudio.QualityTools.Tips.UnitTest.Adapter, Version=10.0.0.0, Culture=neutral, PublicKeyToken=b03f5f7f11d50a3a" className="UglifyCS.Tests.UnitTest1, UglifyCS.Tests, Version=1.0.0.0, Culture=neutral, PublicKeyToken=null" name="CanMinifyJQuery" />
    </UnitTest>
    <UnitTest name="CanBeautify" storage="d:\uglifycs_808ccbe561db\uglifycs.tests\bin\debug\uglifycs.tests.dll" id="85393528-1f9f-6f5a-b1b6-18a8c50ab864">
      <Execution id="032b92ee-3279-4e54-bcea-313ac9a4578a" />
      <TestMethod codeBase="D:/uglifycs_808ccbe561db/UglifyCS.Tests/bin/Debug/UglifyCS.Tests.DLL" adapterTypeName="Microsoft.VisualStudio.TestTools.TestTypes.Unit.UnitTestAdapter, Microsoft.VisualStudio.QualityTools.Tips.UnitTest.Adapter, Version=10.0.0.0, Culture=neutral, PublicKeyToken=b03f5f7f11d50a3a" className="UglifyCS.Tests.UnitTest1, UglifyCS.Tests, Version=1.0.0.0, Culture=neutral, PublicKeyToken=null" name="CanBeautify" />
    </UnitTest>
    <UnitTest name="TestJSHintEvalIsEvil" storage="d:\uglifycs_808ccbe561db\uglifycs.tests\bin\debug\uglifycs.tests.dll" id="c529a9e3-8563-b028-f3fb-ac8edd9ef42b">
      <Execution id="dc4c3fc2-d619-4bdb-93ff-73d3008c8839" />
      <TestMethod codeBase="D:/uglifycs_808ccbe561db/UglifyCS.Tests/bin/Debug/UglifyCS.Tests.DLL" adapterTypeName="Microsoft.VisualStudio.TestTools.TestTypes.Unit.UnitTestAdapter, Microsoft.VisualStudio.QualityTools.Tips.UnitTest.Adapter, Version=10.0.0.0, Culture=neutral, PublicKeyToken=b03f5f7f11d50a3a" className="UglifyCS.Tests.UnitTest1, UglifyCS.Tests, Version=1.0.0.0, Culture=neutral, PublicKeyToken=null" name="TestJSHintEvalIsEvil" />
    </UnitTest>
    <UnitTest name="TestCoffeeScript" storage="d:\uglifycs_808ccbe561db\uglifycs.tests\bin\debug\uglifycs.tests.dll" id="478553a7-37cf-efce-3715-9c2bbbe03863">
      <Execution id="c65b3bc6-8696-47e3-ac6a-26e85ab29b1b" />
      <TestMethod codeBase="D:/uglifycs_808ccbe561db/UglifyCS.Tests/bin/Debug/UglifyCS.Tests.DLL" adapterTypeName="Microsoft.VisualStudio.TestTools.TestTypes.Unit.UnitTestAdapter, Microsoft.VisualStudio.QualityTools.Tips.UnitTest.Adapter, Version=10.0.0.0, Culture=neutral, PublicKeyToken=b03f5f7f11d50a3a" className="UglifyCS.Tests.UnitTest1, UglifyCS.Tests, Version=1.0.0.0, Culture=neutral, PublicKeyToken=null" name="TestCoffeeScript" />
    </UnitTest>
    <UnitTest name="CanRunMultipleTimes" storage="d:\uglifycs_808ccbe561db\uglifycs.tests\bin\debug\uglifycs.tests.dll" id="c56fd249-56fc-c6c4-6659-bce036d843f3">
      <Execution id="393bc7f6-32c4-41ca-91ff-a1e5295ebca6" />
      <TestMethod codeBase="D:/uglifycs_808ccbe561db/UglifyCS.Tests/bin/Debug/UglifyCS.Tests.DLL" adapterTypeName="Microsoft.VisualStudio.TestTools.TestTypes.Unit.UnitTestAdapter, Microsoft.VisualStudio.QualityTools.Tips.UnitTest.Adapter, Version=10.0.0.0, Culture=neutral, PublicKeyToken=b03f5f7f11d50a3a" className="UglifyCS.Tests.UnitTest1, UglifyCS.Tests, Version=1.0.0.0, Culture=neutral, PublicKeyToken=null" name="CanRunMultipleTimes" />
    </UnitTest>
    <UnitTest name="TestCSSLint" storage="d:\uglifycs_808ccbe561db\uglifycs.tests\bin\debug\uglifycs.tests.dll" id="11baa9b6-0aeb-fa72-a24a-5aec6fc5bed9">
      <Execution id="3a7f076c-6802-4d21-97aa-e95801499bf5" />
      <TestMethod codeBase="D:/uglifycs_808ccbe561db/UglifyCS.Tests/bin/Debug/UglifyCS.Tests.DLL" adapterTypeName="Microsoft.VisualStudio.TestTools.TestTypes.Unit.UnitTestAdapter, Microsoft.VisualStudio.QualityTools.Tips.UnitTest.Adapter, Version=10.0.0.0, Culture=neutral, PublicKeyToken=b03f5f7f11d50a3a" className="UglifyCS.Tests.UnitTest1, UglifyCS.Tests, Version=1.0.0.0, Culture=neutral, PublicKeyToken=null" name="TestCSSLint" />
    </UnitTest>
    <UnitTest name="TestJSUnit" storage="d:\uglifycs_808ccbe561db\uglifycs.tests\bin\debug\uglifycs.tests.dll" id="c93b6245-e753-674b-9782-a9b2dcfe4857">
      <Execution id="1b954c0c-4d30-418e-9776-09381b9c2f5e" />
      <TestMethod codeBase="D:/uglifycs_808ccbe561db/UglifyCS.Tests/bin/Debug/UglifyCS.Tests.DLL" adapterTypeName="Microsoft.VisualStudio.TestTools.TestTypes.Unit.UnitTestAdapter, Microsoft.VisualStudio.QualityTools.Tips.UnitTest.Adapter, Version=10.0.0.0, Culture=neutral, PublicKeyToken=b03f5f7f11d50a3a" className="UglifyCS.Tests.UnitTest1, UglifyCS.Tests, Version=1.0.0.0, Culture=neutral, PublicKeyToken=null" name="TestJSUnit" />
    </UnitTest>
    <UnitTest name="BeautifyBadCode" storage="d:\uglifycs_808ccbe561db\uglifycs.tests\bin\debug\uglifycs.tests.dll" id="84b7dc81-1d26-50c6-b4a9-a8fd9442101c">
      <Execution id="88f6f5c9-2d7c-47fc-9ff3-920407510ac5" />
      <TestMethod codeBase="D:/uglifycs_808ccbe561db/UglifyCS.Tests/bin/Debug/UglifyCS.Tests.DLL" adapterTypeName="Microsoft.VisualStudio.TestTools.TestTypes.Unit.UnitTestAdapter, Microsoft.VisualStudio.QualityTools.Tips.UnitTest.Adapter, Version=10.0.0.0, Culture=neutral, PublicKeyToken=b03f5f7f11d50a3a" className="UglifyCS.Tests.UnitTest1, UglifyCS.Tests, Version=1.0.0.0, Culture=neutral, PublicKeyToken=null" name="BeautifyBadCode" />
    </UnitTest>
  </TestDefinitions>
  <TestLists>
    <TestList name="列表中未列出的结果" id="8c84fa94-04c1-424b-9868-57a2d4851a1d" />
    <TestList name="所有已加载的结果" id="19431567-8539-422a-85d7-44ee4e166bda" />
  </TestLists>
  <TestEntries>
    <TestEntry testId="c93b6245-e753-674b-9782-a9b2dcfe4857" executionId="1b954c0c-4d30-418e-9776-09381b9c2f5e" testListId="8c84fa94-04c1-424b-9868-57a2d4851a1d" />
    <TestEntry testId="478553a7-37cf-efce-3715-9c2bbbe03863" executionId="c65b3bc6-8696-47e3-ac6a-26e85ab29b1b" testListId="8c84fa94-04c1-424b-9868-57a2d4851a1d" />
    <TestEntry testId="6dbab27c-c34e-867d-1ee0-aa259074b410" executionId="a1209b2b-5687-435b-b49f-b0c1bcd7da5e" testListId="8c84fa94-04c1-424b-9868-57a2d4851a1d" />
    <TestEntry testId="6d4537f0-152f-eecf-e0ac-45c599bda766" executionId="b5b5f666-8b8c-489f-a033-39b194ad45c9" testListId="8c84fa94-04c1-424b-9868-57a2d4851a1d" />
    <TestEntry testId="84b7dc81-1d26-50c6-b4a9-a8fd9442101c" executionId="88f6f5c9-2d7c-47fc-9ff3-920407510ac5" testListId="8c84fa94-04c1-424b-9868-57a2d4851a1d" />
    <TestEntry testId="c529a9e3-8563-b028-f3fb-ac8edd9ef42b" executionId="dc4c3fc2-d619-4bdb-93ff-73d3008c8839" testListId="8c84fa94-04c1-424b-9868-57a2d4851a1d" />
    <TestEntry testId="11baa9b6-0aeb-fa72-a24a-5aec6fc5bed9" executionId="3a7f076c-6802-4d21-97aa-e95801499bf5" testListId="8c84fa94-04c1-424b-9868-57a2d4851a1d" />
    <TestEntry testId="ce6ca57e-f78f-bfe3-ac29-dc67a2568453" executionId="36ccf069-bef2-47fd-bd8d-90058c90bd66" testListId="8c84fa94-04c1-424b-9868-57a2d4851a1d" />
    <TestEntry testId="d796ff9f-4be3-479a-5194-47469bf03d5a" executionId="507da7f1-56ec-41a1-a365-e21a302fa197" testListId="8c84fa94-04c1-424b-9868-57a2d4851a1d" />
    <TestEntry testId="85393528-1f9f-6f5a-b1b6-18a8c50ab864" executionId="032b92ee-3279-4e54-bcea-313ac9a4578a" testListId="8c84fa94-04c1-424b-9868-57a2d4851a1d" />
    <TestEntry testId="c56fd249-56fc-c6c4-6659-bce036d843f3" executionId="393bc7f6-32c4-41ca-91ff-a1e5295ebca6" testListId="8c84fa94-04c1-424b-9868-57a2d4851a1d" />
    <TestEntry testId="dfc5d263-368e-9096-0133-7e8a5eac0f27" executionId="3b8569c1-b104-496e-959c-c10d8e74bf3c" testListId="8c84fa94-04c1-424b-9868-57a2d4851a1d" />
  </TestEntries>
  <Results>
    <UnitTestResult executionId="1b954c0c-4d30-418e-9776-09381b9c2f5e" testId="c93b6245-e753-674b-9782-a9b2dcfe4857" testName="TestJSUnit" computerName="2011-20120510TM" duration="00:00:00.2275939" startTime="2013-05-16T10:24:37.7408924+08:00" endTime="2013-05-16T10:24:39.4709914+08:00" testType="13cdc9d9-ddb5-4fa4-a97d-d965ccfc6d4b" outcome="Passed" testListId="8c84fa94-04c1-424b-9868-57a2d4851a1d" relativeResultsDirectory="1b954c0c-4d30-418e-9776-09381b9c2f5e">
      <Output>
        <StdOut>System.IO.DirectoryNotFoundException: 未能找到路径“E:\Repos\DateTime\DateTime.js”的一部分。
   在 System.IO.__Error.WinIOError(Int32 errorCode, String maybeFullPath)
   在 System.IO.FileStream.Init(String path, FileMode mode, FileAccess access, Int32 rights, Boolean useRights, FileShare share, Int32 bufferSize, FileOptions options, SECURITY_ATTRIBUTES secAttrs, String msgPath, Boolean bFromProxy, Boolean useLongPath)
   在 System.IO.FileStream..ctor(String path, FileMode mode, FileAccess access, FileShare share, Int32 bufferSize, FileOptions options)
   在 System.IO.StreamReader..ctor(String path, Encoding encoding, Boolean detectEncodingFromByteOrderMarks, Int32 bufferSize)
   在 System.IO.StreamReader..ctor(String path, Encoding encoding)
   在 System.IO.File.InternalReadAllText(String path, Encoding encoding)
   在 System.IO.File.ReadAllText(String path)
   在 UglifyCS.Extensibility.GetContents(Uri uri) 位置 D:\uglifycs_808ccbe561db\UglifyCS\Extensibility.cs:行号 102
   在 UglifyCS.Extensibility.GetContents(Uri uri, String file) 位置 D:\uglifycs_808ccbe561db\UglifyCS\Extensibility.cs:行号 40
   在 UglifyCS.Environment.GetContents(String file) 位置 D:\uglifycs_808ccbe561db\UglifyCS\Environment.cs:行号 70
   在 UglifyCS.Environment.RunFile(String file) 位置 D:\uglifycs_808ccbe561db\UglifyCS\Environment.cs:行号 78
   在 UglifyCS.JSUnit.OnInit() 位置 D:\uglifycs_808ccbe561db\UglifyCS\JSUnit.cs:行号 21
   在 UglifyCS.Environment.Init() 位置 D:\uglifycs_808ccbe561db\UglifyCS\Environment.cs:行号 34
   在 UglifyCS.Environment.get_Context() 位置 D:\uglifycs_808ccbe561db\UglifyCS\Environment.cs:行号 42
   在 UglifyCS.Environment.Run(String script, Expression`1[] vars) 位置 D:\uglifycs_808ccbe561db\UglifyCS\Environment.cs:行号 66
   在 UglifyCS.JSUnit.Assert(String condition) 位置 D:\uglifycs_808ccbe561db\UglifyCS\JSUnit.cs:行号 28
   在 UglifyCS.Tests.UnitTest1.TestJSUnit() 位置 D:\uglifycs_808ccbe561db\UglifyCS.Tests\UnitTest1.cs:行号 43</StdOut>
      </Output>
    </UnitTestResult>
    <UnitTestResult executionId="c65b3bc6-8696-47e3-ac6a-26e85ab29b1b" testId="478553a7-37cf-efce-3715-9c2bbbe03863" testName="TestCoffeeScript" computerName="2011-20120510TM" duration="00:00:02.3009058" startTime="2013-05-16T10:24:39.4869923+08:00" endTime="2013-05-16T10:24:41.7961244+08:00" testType="13cdc9d9-ddb5-4fa4-a97d-d965ccfc6d4b" outcome="Passed" testListId="8c84fa94-04c1-424b-9868-57a2d4851a1d" relativeResultsDirectory="c65b3bc6-8696-47e3-ac6a-26e85ab29b1b">
    </UnitTestResult>
    <UnitTestResult executionId="a1209b2b-5687-435b-b49f-b0c1bcd7da5e" testId="6dbab27c-c34e-867d-1ee0-aa259074b410" testName="CanMinifyJQuery" computerName="2011-20120510TM" duration="00:00:37.4911444" startTime="2013-05-16T10:24:41.8051249+08:00" endTime="2013-05-16T10:25:19.2962693+08:00" testType="13cdc9d9-ddb5-4fa4-a97d-d965ccfc6d4b" outcome="Aborted" testListId="8c84fa94-04c1-424b-9868-57a2d4851a1d" relativeResultsDirectory="a1209b2b-5687-435b-b49f-b0c1bcd7da5e">
    </UnitTestResult>
    <UnitTestResult executionId="b5b5f666-8b8c-489f-a033-39b194ad45c9" testId="6d4537f0-152f-eecf-e0ac-45c599bda766" testName="MinifyBadCode" computerName="2011-20120510TM" testType="13cdc9d9-ddb5-4fa4-a97d-d965ccfc6d4b" outcome="NotExecuted" testListId="8c84fa94-04c1-424b-9868-57a2d4851a1d" relativeResultsDirectory="b5b5f666-8b8c-489f-a033-39b194ad45c9">
    </UnitTestResult>
    <UnitTestResult executionId="88f6f5c9-2d7c-47fc-9ff3-920407510ac5" testId="84b7dc81-1d26-50c6-b4a9-a8fd9442101c" testName="BeautifyBadCode" computerName="2011-20120510TM" testType="13cdc9d9-ddb5-4fa4-a97d-d965ccfc6d4b" outcome="NotExecuted" testListId="8c84fa94-04c1-424b-9868-57a2d4851a1d" relativeResultsDirectory="88f6f5c9-2d7c-47fc-9ff3-920407510ac5">
    </UnitTestResult>
    <UnitTestResult executionId="dc4c3fc2-d619-4bdb-93ff-73d3008c8839" testId="c529a9e3-8563-b028-f3fb-ac8edd9ef42b" testName="TestJSHintEvalIsEvil" computerName="2011-20120510TM" testType="13cdc9d9-ddb5-4fa4-a97d-d965ccfc6d4b" outcome="NotExecuted" testListId="8c84fa94-04c1-424b-9868-57a2d4851a1d" relativeResultsDirectory="dc4c3fc2-d619-4bdb-93ff-73d3008c8839">
    </UnitTestResult>
    <UnitTestResult executionId="3a7f076c-6802-4d21-97aa-e95801499bf5" testId="11baa9b6-0aeb-fa72-a24a-5aec6fc5bed9" testName="TestCSSLint" computerName="2011-20120510TM" testType="13cdc9d9-ddb5-4fa4-a97d-d965ccfc6d4b" outcome="NotExecuted" testListId="8c84fa94-04c1-424b-9868-57a2d4851a1d" relativeResultsDirectory="3a7f076c-6802-4d21-97aa-e95801499bf5">
    </UnitTestResult>
    <UnitTestResult executionId="36ccf069-bef2-47fd-bd8d-90058c90bd66" testId="ce6ca57e-f78f-bfe3-ac29-dc67a2568453" testName="TestJSHintOK" computerName="2011-20120510TM" testType="13cdc9d9-ddb5-4fa4-a97d-d965ccfc6d4b" outcome="NotExecuted" testListId="8c84fa94-04c1-424b-9868-57a2d4851a1d" relativeResultsDirectory="36ccf069-bef2-47fd-bd8d-90058c90bd66">
    </UnitTestResult>
    <UnitTestResult executionId="507da7f1-56ec-41a1-a365-e21a302fa197" testId="d796ff9f-4be3-479a-5194-47469bf03d5a" testName="TestJSHintOptions" computerName="2011-20120510TM" testType="13cdc9d9-ddb5-4fa4-a97d-d965ccfc6d4b" outcome="NotExecuted" testListId="8c84fa94-04c1-424b-9868-57a2d4851a1d" relativeResultsDirectory="507da7f1-56ec-41a1-a365-e21a302fa197">
    </UnitTestResult>
    <UnitTestResult executionId="032b92ee-3279-4e54-bcea-313ac9a4578a" testId="85393528-1f9f-6f5a-b1b6-18a8c50ab864" testName="CanBeautify" computerName="2011-20120510TM" testType="13cdc9d9-ddb5-4fa4-a97d-d965ccfc6d4b" outcome="NotExecuted" testListId="8c84fa94-04c1-424b-9868-57a2d4851a1d" relativeResultsDirectory="032b92ee-3279-4e54-bcea-313ac9a4578a">
    </UnitTestResult>
    <UnitTestResult executionId="393bc7f6-32c4-41ca-91ff-a1e5295ebca6" testId="c56fd249-56fc-c6c4-6659-bce036d843f3" testName="CanRunMultipleTimes" computerName="2011-20120510TM" testType="13cdc9d9-ddb5-4fa4-a97d-d965ccfc6d4b" outcome="NotExecuted" testListId="8c84fa94-04c1-424b-9868-57a2d4851a1d" relativeResultsDirectory="393bc7f6-32c4-41ca-91ff-a1e5295ebca6">
    </UnitTestResult>
    <UnitTestResult executionId="3b8569c1-b104-496e-959c-c10d8e74bf3c" testId="dfc5d263-368e-9096-0133-7e8a5eac0f27" testName="CanRunMultipleTimes_JSHINT" computerName="2011-20120510TM" testType="13cdc9d9-ddb5-4fa4-a97d-d965ccfc6d4b" outcome="NotExecuted" testListId="8c84fa94-04c1-424b-9868-57a2d4851a1d" relativeResultsDirectory="3b8569c1-b104-496e-959c-c10d8e74bf3c">
    </UnitTestResult>
  </Results>
</TestRun>